// Jest Snapshot v1, https://goo.gl/fbAQLP

exports[`component renders 1`] = `
<div
  className="popupContainer"
>
  <div
    className="px-4 py-4"
  >
    <div
      className="text-center "
    >
      <svg
        aria-hidden="true"
        className="mx-auto h-12 w-12 text-gray-400"
        fill="none"
        stroke="currentColor"
        viewBox="0 0 24 24"
      >
        <path
          d="M9 13h6m-3-3v6m-9 1V7a2 2 0 012-2h6l2 2h6a2 2 0 012 2v8a2 2 0 01-2 2H5a2 2 0 01-2-2z"
          strokeLinecap="round"
          strokeLinejoin="round"
          strokeWidth={2}
          vectorEffect="non-scaling-stroke"
        />
      </svg>
      <h3
        className="mt-2 text-sm font-medium text-gray-900"
      >
        You are not logged in
      </h3>
      <p
        className="mt-1 text-sm text-gray-500"
      >
        Get started by logging in to your Partner Business Org / DevHub org.
      </p>
      <div
        className="mt-6"
      >
        <button
          className="inline-flex items-center px-4 py-2 border border-transparent shadow-sm text-sm font-medium rounded-md text-white bg-indigo-600 hover:bg-indigo-700 focus:outline-none focus:ring-2 focus:ring-offset-2 focus:ring-indigo-500"
          onClick={[Function]}
          type="button"
        >
          <svg
            aria-hidden="true"
            className="-ml-1 mr-2 h-5 w-5"
            fill="currentColor"
            viewBox="0 0 20 20"
            xmlns="http://www.w3.org/2000/svg"
          >
            <path
              clipRule="evenodd"
              d="M10 3a1 1 0 011 1v5h5a1 1 0 110 2h-5v5a1 1 0 11-2 0v-5H4a1 1 0 110-2h5V4a1 1 0 011-1z"
              fillRule="evenodd"
            />
          </svg>
          Login
        </button>
      </div>
    </div>
  </div>
</div>
`;
